01818123229
01718920921
01911328605
01714442154
01726929904
01911064781
01725552658
01714504826
01716610906
01914922091
01719761500
01716938060
01671697011
01715377728
01711458274
01727717475
01715498897
01724238990
01731644250
01710157348
01733360361
01727869500
01720158128
01720196187
01733360370
01710822620
01727952491
01819199732
01832330100
01720052814
01882124538
01911798725


01716459650
01855908205
01718638076
01914012017
01911319287
01721409702
01712090438
01718694528
01724528521
01728306279
